Perfect! I have successfully implemented Task 15: "Add Payment to Visit Flow". Here's what I accomplished:

## Summary of Implementation

### ✅ Task 15: Add Payment to Visit Flow

I created two new components and integrated payment functionality into the visit workflow:

#### 1. **QuickCollectButton Component**
- **Location**: `src/features/payments/components/quick-collect-button.tsx`
- **Features**:
  - Triggers payment collection dialog
  - Handles success callbacks
  - Respects existing payment status
  - Shows loading states

#### 2. **VisitPaymentSection Component** 
- **Location**: `src/features/payments/components/visit-payment-section.tsx`  
- **Features**:
  - Shows current visit payment status with payment badges
  - Displays recent payment history
  - Integrated quick collect button
  - Links payments to encounters via `encounter_id`
  - Fetches patient payment history
  - Responsive design with proper loading states

#### 3. **Visit Form Integration**
- **Modified**: `src/features/visits/components/visit-form.tsx`
- **Changes**:
  - Added `VisitPaymentSection` component
  - Updated props to accept patient data and new patient flag
  - Payment section appears after clinical notes

#### 4. **Visit Page Updates**
- **Modified**: `src/app/dashboard/patients/[patientId]/visit/new/page.tsx`
- **Changes**:
  - Added patient state management
  - Mock patient data fetching (TODO: replace with real API)
  - Pass patient data to VisitForm component

#### 5. **Export Updates**
- **Modified**: `src/features/payments/index.ts`
- **Added**: Exports for new components

### Key Features Delivered

✅ **Payment section on visit page** - Integrated payment management directly into clinical workflow  
✅ **Payment status badge** - Clear visual indicators (PAID, PENDING, WAIVED)  
✅ **Quick collect button** - One-click access to payment collection dialog  
✅ **Link payment to encounter** - Payments properly associated with visit records  

### Technical Notes

- Used existing `PaymentForm` dialog component for consistency
- Leveraged established `PaymentBadge` for status display  
- Followed existing feature structure pattern
- All TypeScript types properly defined
- Build passes successfully with no errors
- Used proven payment API functions from existing codebase

The payment workflow is now seamlessly integrated into the visit process, allowing doctors to easily collect and track payments during patient consultations.

<promise>COMPLETE</promise>
